[shtheme.com/demosd/nowarch/index.html]
[shtheme.com/demosd/nowarch/wp-content/uploads/2022/01/favicon.png]
[backblue.gif]
[fade.gif]
[index.html]
[shtheme.com/demosd/nowarch/wp-includes/css/dist/block-library/style.min7404.css]
[shtheme.com/demosd/nowarch/indexd784.html]
[shtheme.com/demosd/nowarch/wp-content/plugins/contact-form-7/includes/css/stylesce52.css]
[shtheme.com/demosd/nowarch/wp-content/themes/nowarch/assets/css/plugins7404.css]
[shtheme.com/demosd/nowarch/wp-content/themes/nowarch/assets/css/style7404.css]
[shtheme.com/demosd/nowarch/wp-content/themes/nowarch/style493a.css]
[shtheme.com/demosd/nowarch/indexa6da.html]
[shtheme.com/demosd/nowarch/wp-content/plugins/elementor/assets/lib/eicons/css/elementor-icons.min21f9.css]
[shtheme.com/demosd/nowarch/wp-content/plugins/elementor/assets/lib/animations/animations.mine5ca.css]
[shtheme.com/demosd/nowarch/wp-content/plugins/elementor/assets/css/frontend.mine5ca.css]
[shtheme.com/demosd/nowarch/wp-content/uploads/elementor/css/post-75ab11.css]
[shtheme.com/demosd/nowarch/wp-content/uploads/elementor/css/globalac43.css]
[shtheme.com/demosd/nowarch/wp-content/plugins/elementor/assets/lib/eicons/fonts/eicons0b93.eot]
[shtheme.com/demosd/nowarch/wp-includes/js/jquery/jquery.minaf6c.js]
[shtheme.com/demosd/nowarch/wp-includes/js/jquery/jquery-migrate.mind617.js]
[shtheme.com/demosd/nowarch/index52f0.json]
[shtheme.com/demosd/nowarch/index8e2a.json]
[shtheme.com/demosd/nowarch/xmlrpc0db0.php]
[shtheme.com/demosd/nowarch/wp-includes/wlwmanifest.xml]
[shtheme.com/demosd/nowarch/index1ff3.json]
[shtheme.com/demosd/nowarch/index4e98.php]
[shtheme.com/demosd/nowarch/wp-content/uploads/2022/01/logo.png]
[shtheme.com/demosd/nowarch/wp-content/uploads/2022/03/about.jpg]
[shtheme.com/demosd/nowarch/indexd079.html]
[shtheme.com/demosd/nowarch/indexc502.html]
[shtheme.com/demosd/nowarch/wp-content/uploads/2022/03/1.png]
[shtheme.com/demosd/nowarch/index1dfd.html]
[shtheme.com/demosd/nowarch/indexc04b.html]
[shtheme.com/demosd/nowarch/index6499.html]
[shtheme.com/demosd/nowarch/wp-content/uploads/2022/03/2.png]
[shtheme.com/demosd/nowarch/indexd3c7.html]
[shtheme.com/demosd/nowarch/wp-content/uploads/2022/03/3.png]
[shtheme.com/demosd/nowarch/indexaf29.html]
[shtheme.com/demosd/nowarch/wp-content/uploads/2022/01/5.jpg]
[shtheme.com/demosd/nowarch/index6b79.html]
[shtheme.com/demosd/nowarch/wp-content/uploads/2022/01/4.jpg]
[shtheme.com/demosd/nowarch/wp-content/uploads/2022/01/3-1.jpg]
[shtheme.com/demosd/nowarch/wp-content/uploads/2022/01/2-1.jpg]
[shtheme.com/demosd/nowarch/indexe1ca.html]
[shtheme.com/demosd/nowarch/wp-content/uploads/2022/01/1-1.jpg]
[shtheme.com/demosd/nowarch/wp-content/uploads/2022/03/project.jpg]
[shtheme.com/demosd/nowarch/wp-content/uploads/2022/01/3.jpg]
[shtheme.com/demosd/nowarch/indexc867.html]
[shtheme.com/demosd/nowarch/wp-content/uploads/2022/01/2.jpg]
[shtheme.com/demosd/nowarch/index2dc4.html]
[shtheme.com/demosd/nowarch/index2df4.html]
[shtheme.com/demosd/nowarch/wp-content/uploads/2022/01/1.jpg]
[shtheme.com/demosd/nowarch/indexa1ca.html]
[shtheme.com/demosd/nowarch/wp-content/uploads/2022/03/client.jpg]
[shtheme.com/demosd/nowarch/indexd8eb.html]
[shtheme.com/demosd/nowarch/wp-content/uploads/2022/03/quot.png]
[shtheme.com/demosd/nowarch/wp-content/uploads/2022/03/1-1.jpg]
[shtheme.com/demosd/nowarch/wp-content/uploads/2022/03/2-1.jpg]
[shtheme.com/demosd/nowarch/wp-content/uploads/2022/03/3-1.jpg]
[shtheme.com/demosd/nowarch/wp-content/uploads/2022/01/banner.jpg]
[shtheme.com/demosd/nowarch/wp-content/plugins/contact-form-7/includes/js/scriptsce52.js]
[shtheme.com/demosd/nowarch/wp-content/themes/nowarch/assets/js/jquery-3.6.0.min7404.js]
[shtheme.com/demosd/nowarch/wp-content/themes/nowarch/assets/js/jquery-migrate-3.0.0.min7404.js]
[shtheme.com/demosd/nowarch/wp-content/themes/nowarch/assets/js/modernizr-2.6.2.min7404.js]
[shtheme.com/demosd/nowarch/wp-content/themes/nowarch/assets/js/imagesloaded.pkgd.min7404.js]
[shtheme.com/demosd/nowarch/wp-content/themes/nowarch/assets/js/jquery.isotope.v3.0.27404.js]
[shtheme.com/demosd/nowarch/wp-content/themes/nowarch/assets/js/popper.min7404.js]
[shtheme.com/demosd/nowarch/wp-content/themes/nowarch/assets/js/bootstrap.min7404.js]
[shtheme.com/demosd/nowarch/wp-content/themes/nowarch/assets/js/scrollIt.min7404.js]
[shtheme.com/demosd/nowarch/wp-content/themes/nowarch/assets/js/jquery.waypoints.min7404.js]
[shtheme.com/demosd/nowarch/wp-content/themes/nowarch/assets/js/jquery.stellar.min7404.js]
[shtheme.com/demosd/nowarch/wp-content/themes/nowarch/assets/js/jquery.fancybox.min7404.js]
[shtheme.com/demosd/nowarch/wp-content/themes/nowarch/assets/js/owl.carousel.min7404.js]
[shtheme.com/demosd/nowarch/wp-content/themes/nowarch/assets/js/YouTubePopUp7404.js]
[shtheme.com/demosd/nowarch/wp-content/themes/nowarch/assets/js/custom7404.js]
[shtheme.com/demosd/nowarch/wp-content/plugins/bdevs-elementor/assets/js/bdevs-elementor8a54.js]
[shtheme.com/demosd/nowarch/wp-content/plugins/elementor/assets/js/webpack.runtime.mine5ca.js]
[shtheme.com/demosd/nowarch/wp-content/plugins/elementor/assets/js/frontend-modules.mine5ca.js]
[shtheme.com/demosd/nowarch/wp-content/plugins/elementor/assets/lib/waypoints/waypoints.min05da.js]
[shtheme.com/demosd/nowarch/wp-includes/js/jquery/ui/core.min0028.js]
[shtheme.com/demosd/nowarch/wp-content/plugins/elementor/assets/lib/swiper/swiper.min48f5.js]
[shtheme.com/demosd/nowarch/wp-content/plugins/elementor/assets/lib/share-link/share-link.mine5ca.js]
[shtheme.com/demosd/nowarch/wp-content/plugins/elementor/assets/lib/dialog/dialog.mina288.js]
[shtheme.com/demosd/nowarch/wp-content/plugins/elementor/assets/js/frontend.mine5ca.js]
[shtheme.com/demosd/nowarch/index.html]
[shtheme.com/demosd/nowarch/wp-includes/css/dist/block-library/style.min7404.css]
[shtheme.com/demosd/nowarch/wp-content/plugins/elementor/assets/js/preloaded-modules.mine5ca.js]
[shtheme.com/demosd/nowarch/wp-content/plugins/contact-form-7/images/ajax-loader.gif]
[shtheme.com/demosd/nowarch/wp-content/plugins/contact-form-7/includes/css/stylesce52.css]
[shtheme.com/demosd/nowarch/wp-content/themes/nowarch/assets/css/plugins/bootstrap.min.css]
[shtheme.com/demosd/nowarch/wp-content/themes/nowarch/assets/css/plugins/owl.carousel.min.css]
[shtheme.com/demosd/nowarch/wp-content/themes/nowarch/assets/css/plugins/owl.theme.default.min.css]
[shtheme.com/demosd/nowarch/wp-content/themes/nowarch/assets/css/plugins/animate.min.css]
[shtheme.com/demosd/nowarch/wp-content/themes/nowarch/assets/css/plugins/themify-icons.css]
[shtheme.com/demosd/nowarch/wp-content/themes/nowarch/assets/css/plugins/fancybox.min.css]
[shtheme.com/demosd/nowarch/wp-content/themes/nowarch/assets/css/plugins7404.css]
[shtheme.com/demosd/nowarch/wp-content/themes/nowarch/assets/css/plugins/YouTubePopUp.css]
[shtheme.com/demosd/nowarch/wp-content/themes/nowarch/assets/img/projects/1.jpg]
[shtheme.com/demosd/nowarch/wp-content/themes/nowarch/assets/img/projects/2.jpg]
[shtheme.com/demosd/nowarch/wp-content/themes/nowarch/assets/img/projects/3.jpg]
[shtheme.com/demosd/nowarch/wp-content/themes/nowarch/assets/img/projects/4.jpg]
[shtheme.com/demosd/nowarch/wp-content/themes/nowarch/assets/img/projects/5.jpg]
[shtheme.com/demosd/nowarch/wp-content/themes/nowarch/assets/css/style7404.css]
[shtheme.com/demosd/nowarch/wp-content/themes/nowarch/style493a.css]
[shtheme.com/demosd/nowarch/wp-content/plugins/elementor/assets/lib/eicons/fonts/eiconsa481.eot]
[shtheme.com/demosd/nowarch/wp-content/plugins/elementor/assets/lib/eicons/fonts/eiconsa481.woff2]
[shtheme.com/demosd/nowarch/wp-content/plugins/elementor/assets/lib/eicons/fonts/eiconsa481.woff]
[shtheme.com/demosd/nowarch/wp-content/plugins/elementor/assets/lib/eicons/fonts/eiconsa481.ttf]
[shtheme.com/demosd/nowarch/wp-content/plugins/elementor/assets/lib/eicons/css/elementor-icons.min21f9.css]
[shtheme.com/demosd/nowarch/wp-content/plugins/elementor/assets/lib/animations/animations.mine5ca.css]
[shtheme.com/demosd/nowarch/wp-content/plugins/elementor/assets/css/frontend.mine5ca.css]
[shtheme.com/demosd/nowarch/wp-content/uploads/elementor/css/post-75ab11.css]
[shtheme.com/demosd/nowarch/wp-content/uploads/elementor/css/globalac43.css]
[shtheme.com/demosd/nowarch/wp-includes/js/jquery/jquery.minaf6c.js]
[shtheme.com/demosd/nowarch/wp-includes/js/jquery/jquery-migrate.mind617.js]
[shtheme.com/demosd/nowarch/wp-content/plugins/elementor/assets/lib/eicons/fonts/eiconsa481.svg]
[shtheme.com/demosd/nowarch/index8664.json]
[shtheme.com/demosd/nowarch/index1a25.json]
[shtheme.com/demosd/nowarch/indexd079.html]
[shtheme.com/demosd/nowarch/indexdd40.php]
[shtheme.com/demosd/nowarch/index77a5.json]
[shtheme.com/demosd/nowarch/index30c3.json]
[shtheme.com/demosd/nowarch/index52b3.php]
[shtheme.com/demosd/nowarch/wp-content/uploads/2022/03/7.png]
[shtheme.com/demosd/nowarch/wp-content/uploads/2022/03/5.png]
[shtheme.com/demosd/nowarch/wp-content/uploads/2022/03/6-1.png]
[shtheme.com/demosd/nowarch/indexc04b.html]
[shtheme.com/demosd/nowarch/indexe29b.json]
[shtheme.com/demosd/nowarch/index4b71.json]
[shtheme.com/demosd/nowarch/indexc502.html]
[shtheme.com/demosd/nowarch/index1dfd.html]
[shtheme.com/demosd/nowarch/index374a.php]
[shtheme.com/demosd/nowarch/index3965.html]
[shtheme.com/demosd/nowarch/index7bc8.html]
[shtheme.com/demosd/nowarch/index5831.html]
[shtheme.com/demosd/nowarch/index3f7b.html]
[shtheme.com/demosd/nowarch/index73d1.json]
[shtheme.com/demosd/nowarch/indexaa1e.html]
[shtheme.com/demosd/nowarch/index81ea.html]
[shtheme.com/demosd/nowarch/indexea83.json]
[shtheme.com/demosd/nowarch/indexe44a.html]
[shtheme.com/demosd/nowarch/index00ec.html]
[shtheme.com/demosd/nowarch/indexe036.html]
[shtheme.com/demosd/nowarch/indexac00.html]
[shtheme.com/demosd/nowarch/index7a6f.php]
[shtheme.com/demosd/nowarch/index6499.html]
[shtheme.com/demosd/nowarch/index03af.html]
[shtheme.com/demosd/nowarch/index78c0.html]
[shtheme.com/demosd/nowarch/indexf2bc.json]
[shtheme.com/demosd/nowarch/index921c.php]
[shtheme.com/demosd/nowarch/indexd3c7.html]
[shtheme.com/demosd/nowarch/wp-includes/js/comment-reply.min7404.js]
[shtheme.com/demosd/nowarch/index052a.html]
[shtheme.com/demosd/nowarch/indexc6f9.html]
[shtheme.com/demosd/nowarch/indexa4ed.json]
[shtheme.com/demosd/nowarch/indexbd32.html]
[shtheme.com/demosd/nowarch/indexaf29.html]
[shtheme.com/demosd/nowarch/indexbfce.php]
[shtheme.com/demosd/nowarch/indexbd95.json]
[shtheme.com/demosd/nowarch/index6b79.html]
[shtheme.com/demosd/nowarch/indexe065.php]
[shtheme.com/demosd/nowarch/index1caa.json]
[shtheme.com/demosd/nowarch/indexe1ca.html]
[shtheme.com/demosd/nowarch/index5999.php]
[shtheme.com/demosd/nowarch/indexd6b1.json]
[shtheme.com/demosd/nowarch/indexc867.html]
[shtheme.com/demosd/nowarch/indexcb2f.php]
[shtheme.com/demosd/nowarch/index4896.json]
[shtheme.com/demosd/nowarch/indexf0a1.html]
[shtheme.com/demosd/nowarch/index27fb.json]
[shtheme.com/demosd/nowarch/index2df4.html]
[shtheme.com/demosd/nowarch/index692e.php]
[shtheme.com/demosd/nowarch/index4807.json]
[shtheme.com/demosd/nowarch/index4f03.html]
[shtheme.com/demosd/nowarch/index8d86.html]
[shtheme.com/demosd/nowarch/index3bdf.json]
[shtheme.com/demosd/nowarch/index2dc4.html]
[shtheme.com/demosd/nowarch/indexe170.php]
[shtheme.com/demosd/nowarch/indexf04b.json]
[shtheme.com/demosd/nowarch/indexcc9c.html]
[shtheme.com/demosd/nowarch/index2466.html]
[shtheme.com/demosd/nowarch/index7b27.json]
[shtheme.com/demosd/nowarch/indexa1ca.html]
[shtheme.com/demosd/nowarch/index9029.php]
[shtheme.com/demosd/nowarch/indexaeed.json]
[shtheme.com/demosd/nowarch/index2d4a.html]
[shtheme.com/demosd/nowarch/index4d88.html]
[shtheme.com/demosd/nowarch/indexe74a.json]
[shtheme.com/demosd/nowarch/indexd8eb.html]
[shtheme.com/demosd/nowarch/wp-content/plugins/contact-form-7/includes/js/scriptsce52.js]
[shtheme.com/demosd/nowarch/wp-content/themes/nowarch/assets/js/jquery-3.6.0.min7404.js]
[shtheme.com/demosd/nowarch/wp-content/themes/nowarch/assets/js/jquery-migrate-3.0.0.min7404.js]
[shtheme.com/demosd/nowarch/indexbafb.php]
[shtheme.com/demosd/nowarch/wp-content/themes/nowarch/assets/js/modernizr-2.6.2.min7404.js]
[shtheme.com/demosd/nowarch/wp-content/themes/nowarch/assets/js/imagesloaded.pkgd.min7404.js]
[shtheme.com/demosd/nowarch/wp-content/themes/nowarch/assets/js/jquery.isotope.v3.0.27404.js]
[shtheme.com/demosd/nowarch/wp-content/themes/nowarch/assets/js/popper.min7404.js]
[shtheme.com/demosd/nowarch/wp-content/themes/nowarch/assets/js/bootstrap.min7404.js]
[shtheme.com/demosd/nowarch/wp-content/themes/nowarch/assets/js/scrollIt.min7404.js]
[shtheme.com/demosd/nowarch/wp-content/themes/nowarch/assets/js/jquery.waypoints.min7404.js]
[shtheme.com/demosd/nowarch/wp-content/themes/nowarch/assets/js/owl.carousel.min7404.js]
[shtheme.com/demosd/nowarch/wp-content/themes/nowarch/assets/js/jquery.stellar.min7404.js]
[shtheme.com/demosd/nowarch/wp-content/themes/nowarch/assets/js/jquery.fancybox.min7404.js]
[shtheme.com/demosd/nowarch/wp-content/themes/nowarch/assets/js/YouTubePopUp7404.js]
[shtheme.com/demosd/nowarch/index969d.html]
[shtheme.org/demosd/nowarchwp/wp-content/uploads/2022/01/logo.png]
[shtheme.com/demosd/nowarch/wp-content/themes/nowarch/assets/js/custom7404.js]
[shtheme.com/demosd/nowarch/wp-content/plugins/bdevs-elementor/assets/js/bdevs-elementor8a54.js]
[shtheme.com/demosd/nowarch/wp-content/plugins/elementor/assets/js/webpack.runtime.mine5ca.js]
[shtheme.com/demosd/nowarch/wp-content/plugins/elementor/assets/js/frontend-modules.mine5ca.js]
[shtheme.com/demosd/nowarch/wp-content/plugins/elementor/assets/lib/waypoints/waypoints.min05da.js]
[shtheme.com/demosd/nowarch/wp-includes/js/jquery/ui/core.min0028.js]
[shtheme.com/demosd/nowarch/wp-content/plugins/elementor/assets/lib/swiper/swiper.min48f5.js]
[shtheme.com/demosd/nowarch/wp-content/plugins/elementor/assets/lib/share-link/share-link.mine5ca.js]
[shtheme.com/demosd/nowarch/wp-content/plugins/elementor/assets/lib/dialog/dialog.mina288.js]
[shtheme.com/demosd/nowarch/Trident/index.html]
[shtheme.com/demosd/nowarch/Gecko/index.html]
[shtheme.com/demosd/nowarch/Edge/index.html]
[shtheme.com/demosd/nowarch/Firefox/index.html]
[shtheme.com/demosd/nowarch/Version/index.html]
[shtheme.com/demosd/nowarch/version/index-2.html]
[shtheme.com/demosd/nowarch/-negative.7a.delayed]
[shtheme.com/demosd/nowarch/wp-content/plugins/elementor/assets/js/frontend.mine5ca.js]
[shtheme.com/demosd/nowarch/wp-content/plugins/elementor/assets/js/preloaded-modules.mine5ca.js]
[shtheme.com/demosd/nowarch/wp-content/themes/nowarch/assets/css/plugins/bootstrap.min.css]
[shtheme.com/demosd/nowarch/wp-content/themes/nowarch/assets/css/plugins/owl.carousel.min.css]
[shtheme.com/demosd/nowarch/wp-content/themes/nowarch/assets/css/plugins/owl.theme.default.min.css]
[shtheme.com/demosd/nowarch/wp-content/themes/nowarch/assets/css/plugins/animate.min.css]
[shtheme.com/demosd/nowarch/wp-content/themes/nowarch/assets/fonts/themify.eot]
[shtheme.com/demosd/nowarch/wp-content/themes/nowarch/assets/fonts/themify.woff]
[shtheme.com/demosd/nowarch/wp-content/themes/nowarch/assets/fonts/themifyd41d.eot]
[shtheme.com/demosd/nowarch/wp-content/themes/nowarch/assets/fonts/themify.ttf]
[shtheme.com/demosd/nowarch/wp-content/themes/nowarch/assets/css/plugins/themify-icons.css]
[shtheme.com/demosd/nowarch/wp-content/themes/nowarch/assets/css/plugins/fancybox.min.css]
[shtheme.com/demosd/nowarch/wp-content/themes/nowarch/assets/fonts/themify.svg]
[shtheme.com/demosd/nowarch/wp-content/themes/nowarch/assets/css/plugins/close.png]
[shtheme.com/demosd/nowarch/wp-content/themes/nowarch/assets/css/plugins/YouTubePopUp.css]
[shtheme.com/demosd/nowarch/wp-content/plugins/elementor/assets/lib/eicons/fonts/eiconsa481.svg]
[shtheme.com/demosd/nowarch/index5e74.html]
[shtheme.com/demosd/nowarch/indexcb30.html]
[shtheme.com/demosd/nowarch/index5c90.html]
[shtheme.com/demosd/nowarch/index41af.json]
[shtheme.com/demosd/nowarch/indexc6eb.html]
[shtheme.com/demosd/nowarch/indexee6a.json]
[shtheme.com/demosd/nowarch/index3965.html]
[shtheme.com/demosd/nowarch/indexbc55.php]
[shtheme.com/demosd/nowarch/index517d.json]
[shtheme.com/demosd/nowarch/index63fc.html]
[shtheme.com/demosd/nowarch/indexa0cb.html]
[shtheme.com/demosd/nowarch/indexfadf.json]
[shtheme.com/demosd/nowarch/index5831.html]
[shtheme.com/demosd/nowarch/index7bc8.html]
[shtheme.com/demosd/nowarch/index6527.php]
[shtheme.com/demosd/nowarch/index5144.html]
[shtheme.com/demosd/nowarch/index3291.html]
[shtheme.com/demosd/nowarch/index04a2.json]
[shtheme.com/demosd/nowarch/index3f7b.html]
[shtheme.com/demosd/nowarch/indexb63a.html]
[shtheme.com/demosd/nowarch/index2c08.json]
[shtheme.com/demosd/nowarch/indexaa1e.html]
[shtheme.com/demosd/nowarch/indexbbc0.html]
[shtheme.com/demosd/nowarch/index9eaf.json]
[shtheme.com/demosd/nowarch/index81ea.html]
[shtheme.com/demosd/nowarch/index9020.html]
[shtheme.com/demosd/nowarch/index959c.html]
[shtheme.com/demosd/nowarch/indexb489.json]
[shtheme.com/demosd/nowarch/indexe44a.html]
[shtheme.com/demosd/nowarch/index2240.json]
[shtheme.com/demosd/nowarch/index00ec.html]
[shtheme.com/demosd/nowarch/indexa095.html]
[shtheme.com/demosd/nowarch/indexdd40.json]
[shtheme.com/demosd/nowarch/indexe036.html]
[shtheme.com/demosd/nowarch/index2809.html]
[shtheme.com/demosd/nowarch/index9f80.json]
[shtheme.com/demosd/nowarch/indexac00.html]
[shtheme.com/demosd/nowarch/index6c93.html]
[shtheme.com/demosd/nowarch/index9bc9.html]
[shtheme.com/demosd/nowarch/indexd901.json]
[shtheme.com/demosd/nowarch/index03af.html]
[shtheme.com/demosd/nowarch/indexff1d.json]
[shtheme.com/demosd/nowarch/index78c0.html]
[shtheme.com/demosd/nowarch/index0012.html]
[shtheme.com/demosd/nowarch/indexc887.html]
[shtheme.com/demosd/nowarch/indexc7e3.html]
[shtheme.com/demosd/nowarch/indexed40.html]
[shtheme.com/demosd/nowarch/indexf2cf.json]
[shtheme.com/demosd/nowarch/index5d48.html]
[shtheme.com/demosd/nowarch/indexf212.json]
[shtheme.com/demosd/nowarch/indexa113.php]
[shtheme.com/demosd/nowarch/wp-content/uploads/2022/01/1-300x169.jpg]
[shtheme.com/demosd/nowarch/index052a.html]
[shtheme.com/demosd/nowarch/index9a69.json]
[shtheme.com/demosd/nowarch/index9f5b.json]
[shtheme.com/demosd/nowarch/index458a.php]
[shtheme.com/demosd/nowarch/wp-content/uploads/2022/01/2-300x169.jpg]
[shtheme.com/demosd/nowarch/indexc6f9.html]
[shtheme.com/demosd/nowarch/index677b.json]
[shtheme.com/demosd/nowarch/index932b.json]
[shtheme.com/demosd/nowarch/index67a7.php]
[shtheme.com/demosd/nowarch/wp-content/uploads/2022/01/3-300x169.jpg]
[shtheme.com/demosd/nowarch/indexbd32.html]
[shtheme.com/demosd/nowarch/wp-includes/js/comment-reply.min7404.js]
[shtheme.com/demosd/nowarch/index2745.html]
[shtheme.com/demosd/nowarch/index5643.html]
[shtheme.com/demosd/nowarch/indexe338.html]
[shtheme.com/demosd/nowarch/index1c4a.html]
[shtheme.com/demosd/nowarch/indexd1e6.html]
[shtheme.com/demosd/nowarch/index9cd7.html]
[shtheme.com/demosd/nowarch/indexd4c3.html]
[shtheme.com/demosd/nowarch/indexb024.html]
[shtheme.com/demosd/nowarch/index8b54.html]
[shtheme.com/demosd/nowarch/index582f.html]
[shtheme.com/demosd/nowarch/index6c46.html]
[shtheme.com/demosd/nowarch/index8d86.html]
[shtheme.com/demosd/nowarch/indexcc9c.html]
[shtheme.com/demosd/nowarch/index2d4a.html]
[shtheme.com/demosd/nowarch/index969d.html]
[shtheme.com/demosd/nowarch/Trident/index.html]
[shtheme.com/demosd/nowarch/Edge/index.html]
[shtheme.com/demosd/nowarch/Gecko/index.html]
[shtheme.com/demosd/nowarch/Firefox/index.html]
[shtheme.com/demosd/nowarch/Version/index.html]
[shtheme.com/demosd/nowarch/version/index-2.html]
[shtheme.com/demosd/nowarch/-negative.html]
[www.duruthemes.com/idesign/Roboto-v3/css/plugins/owl.video.play.html]
[shtheme.com/demosd/nowarch/wp-content/themes/nowarch/assets/fonts/themify.svg]
[shtheme.com/demosd/nowarch/indexa0cb.html]
[shtheme.com/demosd/nowarch/index5144.html]
[shtheme.com/demosd/nowarch/index3291.html]
[shtheme.com/demosd/nowarch/index5d48.html]
[shtheme.com/demosd/nowarch/index57a0.html]
[shtheme.com/demosd/nowarch/indexb5fb.html]
[shtheme.com/demosd/nowarch/index5045.html]
[shtheme.com/demosd/nowarch/index64b4.html]
[shtheme.com/demosd/nowarch/indexa9b6.html]
[shtheme.com/demosd/nowarch/indexd155.html]
[shtheme.com/demosd/nowarch/index5757.html]
[shtheme.com/demosd/nowarch/index8b54.html]
[shtheme.com/demosd/nowarch/indexb024.html]
[shtheme.com/demosd/nowarch/index582f.html]
[shtheme.com/demosd/nowarch/indexd155.html]
[shtheme.com/demosd/nowarch/index9e8b.html]
[shtheme.com/demosd/nowarch/indexb205.html]
[shtheme.com/demosd/nowarch/indexb205.html]
[shtheme.com/demosd/nowarch/index9e8b.html]
[shtheme.com/demosd/nowarch/index8fed.html]
[shtheme.com/demosd/nowarch/index8fed.html]
[shtheme.com/demosd/nowarch/index5cdf.html]
[shtheme.com/demosd/nowarch/indexfa52.html]
[shtheme.com/demosd/nowarch/indexfa52.html]
[shtheme.com/demosd/nowarch/index5cdf.html]
[shtheme.com/demosd/nowarch/indexc62f.html]
[shtheme.com/demosd/nowarch/indexc62f.html]
